-- @description query01 for PXF HDFS Readable images
SELECT image_test_multi_fragment.names, image_test_multi_fragment.directories FROM image_test_multi_fragment, compare_table_multi_fragment
    WHERE image_test_multi_fragment.fullpaths       = compare_table_multi_fragment.fullpaths
    AND image_test_multi_fragment.directories       = compare_table_multi_fragment.directories
    AND image_test_multi_fragment.names             = compare_table_multi_fragment.names
    AND image_test_multi_fragment.dimensions        = compare_table_multi_fragment.dimensions
    AND image_test_multi_fragment.images            = compare_table_multi_fragment.images
    ORDER BY names;
  names              |   directories
---------------------+-----------------
 {0.png,1.png,2.png} | {readableImage,readableImage,readableImage}
 {3.png,4.png}       | {readableImage,readableImage}
(2 rows)

SELECT image_test_multi_fragment_bytea.names, image_test_multi_fragment_bytea.directories FROM image_test_multi_fragment_bytea, compare_table_multi_fragment_bytea
    WHERE image_test_multi_fragment_bytea.fullpaths = compare_table_multi_fragment_bytea.fullpaths
    AND image_test_multi_fragment_bytea.directories = compare_table_multi_fragment_bytea.directories
    AND image_test_multi_fragment_bytea.names       = compare_table_multi_fragment_bytea.names
    AND image_test_multi_fragment_bytea.dimensions  = compare_table_multi_fragment_bytea.dimensions
    AND image_test_multi_fragment_bytea.images      = compare_table_multi_fragment_bytea.images
    ORDER BY names;
  names              |   directories
---------------------+-----------------
 {0.png,1.png,2.png} | {readableImage,readableImage,readableImage}
 {3.png,4.png}       | {readableImage,readableImage}
(2 rows)
